Microchip MPLAB XC8 Compiler V3.00

Linker command line:

-W-3 \
  --edf=C:\Program Files\Microchip\xc8\v3.00\pic\dat\20241204225717_en.msgs \
  -cn -h+dist/default/production\CAR_BLACK_BOX.X.production.sym \
  --cmf=dist/default/production\CAR_BLACK_BOX.X.production.cmf -z -Q16F877A \
  -oC:\Users\tharu\AppData\Local\Temp\xcAstio.\driver_tmp_3.o \
  --defsym=__MPLAB_BUILD=1 --fixupoverflow=error \
  -Mdist/default/production/CAR_BLACK_BOX.X.production.map \
  --md=C:\Users\tharu\AppData\Local\Temp\xcAstio.\driver_tmp_0.dat -E1 \
  -ver=XC8 Compiler -ACODE=00h-07FFhx4 -ASTRCODE=00h-01FFFh \
  -ASTRING=00h-0FFhx32 -ACONST=00h-0FFhx32 -AENTRY=00h-0FFhx32 \
  -ACOMMON=070h-07Fh -ABANK0=020h-06Fh -ABANK1=0A0h-0EFh \
  -ABANK2=0110h-016Fh -ABANK3=0190h-01EFh \
  -ARAM=020h-06Fh,0A0h-0EFh,0110h-016Fh,0190h-01EFh \
  -AABS1=020h-07Fh,0A0h-0EFh,0110h-016Fh,0190h-01EFh -ASFR0=00h-01Fh \
  -ASFR1=080h-09Fh -ASFR2=0100h-010Fh -ASFR3=0180h-018Fh \
  -ACONFIG=02007h-02007h -DCONFIG=2 -AIDLOC=02000h-02003h -DIDLOC=2 \
  -AEEDATA=00h-0FFh/02100h -peeprom_data=EEDATA -DEEDATA=2 -DCODE=2 \
  -DSTRCODE=2 -DSTRING=2 -DCONST=2 -DENTRY=2 \
  -preset_vec=00h,intentry,sivt,init,end_init -ppowerup=CODE -pcinit=CODE \
  -pfunctab=ENTRY -k \
  C:\Users\tharu\AppData\Local\Temp\xcAstio.\driver_tmp_12.o \
  dist/default/production\CAR_BLACK_BOX.X.production.o 

Object code version is 3.11

Machine type is 16F877A



                Name                               Link     Load   Length Selector   Space Scale
C:\Users\tharu\AppData\Local\Temp\xcAstio.\driver_tmp_12.o
                end_init                              0        0        3        0       0
                config                             2007     2007        1        0       4
                idloc                              2000     2000        4        0       5
dist/default/production\CAR_BLACK_BOX.X.production.o
                cinit                               7D9      7D9       27      FB2       0
                config                             2007     2007        1        0       4
                idloc                              2000     2000        4        0       5
                text52                              60F      60F      1CA      C1E       0
                text51                              D88      D88       76     1B10       0
                text50                              F4C      F4C       B4     1E98       0
                text49                              A2E      A2E       36     145C       0
                text48                             1776     1776       11     2EEC       0
                text47                              96B      96B       2F     12D6       0
                text46                              B57      B57       52     16AE       0
                text45                             175C     175C        D     2EB8       0
                text44                              832      832       21     1064       0
                text43                             16FA     16FA        9     2DF4       0
                text42                             1703     1703        9     2E06       0
                text41                             170C     170C        9     2E18       0
                text40                             1730     1730        B     2E60       0
                text39                              915      915       2B     122A       0
                text38                              812      812       20     1024       0
                text37                             17E1     17E1       1F     2FC2       0
                text36                             1787     1787       13     2F0E       0
                text35                              AD3      AD3       42     15A6       0
                text34                              A9B      A9B       38     1536       0
                text33                             1769     1769        D     2ED2       0
                text32                             1715     1715        9     2E2A       0
                text31                             171E     171E        9     2E3C       0
                text30                             173B     173B        B     2E76       0
                text29                              89A      89A       27     1134       0
                text28                              DFE      DFE       A7     1BFC       0
                text27                               F2       F2      12A      1E4       0
                text26                             1746     1746        B     2E8C       0
                text25                              874      874       26     10E8       0
                text24                              853      853       21     10A6       0
                text23                             1727     1727        9     2E4E       0
                text22                              940      940       2B     1280       0
                text21                              21C      21C      12E      438       0
                text20                              8C1      8C1       2A     1182       0
                text19                             16E4     16E4        7     2DC8       0
                text18                              C5E      C5E       63     18BC       0
                text17                             1751     1751        B     2EA2       0
                text16                             16DE     16DE        6     2DBC       0
                text15                             17C3     17C3       1E     2F86       0
                text14                              800      800       12      FB2       0
                text13                              D24      D24       64     1A48       0
                text12                              9CA      9CA       32     1394       0
                text11                              9FC      9FC       32     13F8       0
                text10                              99A      99A       30     1334       0
                text9                               B15      B15       42     162A       0
                text8                               EA5      EA5       A7     1D4A       0
                text7                              17AD     17AD       16     2F5A       0
                text6                               CC1      CC1       63     1982       0
                text5                               BA9      BA9       57     1752       0
                text4                               A64      A64       37     14C8       0
                text3                               8EB      8EB       2A     11D6       0
                text2                               34A      34A      154      694       0
                text1                               49E      49E      171      93C       0
                maintext                            C00      C00       5E     1800       0
                cstackBANK0                          20       20       29       20       1
                cstackCOMMON                         70       70        E       70       1
                clrtext                            16F2     16F2        8     2DE4       0
                inittext                           179A     179A       13     2F34       0
                dataBANK1                            A0       A0       1E       A0       1
                dataBANK0                            69       69        7       20       1
                bssBANK0                             49       49       20       20       1
                strings                               3        3       D1        6       0
                idataBANK1                           D4       D4       1E      1A8       0
                idataBANK0                         16EB     16EB        7     2DD6       0

TOTAL           Name                               Link     Load   Length     Space
        CLASS   CODE           
                end_init                              0        0        3         0
                cinit                               7D9      7D9       27         0
                text52                              60F      60F      1CA         0
                text51                              D88      D88       76         0
                text50                              F4C      F4C       B4         0
                text49                              A2E      A2E       36         0
                text48                             1776     1776       11         0
                text47                              96B      96B       2F         0
                text46                              B57      B57       52         0
                text45                             175C     175C        D         0
                text44                              832      832       21         0
                text43                             16FA     16FA        9         0
                text42                             1703     1703        9         0
                text41                             170C     170C        9         0
                text40                             1730     1730        B         0
                text39                              915      915       2B         0
                text38                              812      812       20         0
                text37                             17E1     17E1       1F         0
                text36                             1787     1787       13         0
                text35                              AD3      AD3       42         0
                text34                              A9B      A9B       38         0
                text33                             1769     1769        D         0
                text32                             1715     1715        9         0
                text31                             171E     171E        9         0
                text30                             173B     173B        B         0
                text29                              89A      89A       27         0
                text28                              DFE      DFE       A7         0
                text27                               F2       F2      12A         0
                text26                             1746     1746        B         0
                text25                              874      874       26         0
                text24                              853      853       21         0
                text23                             1727     1727        9         0
                text22                              940      940       2B         0
                text21                              21C      21C      12E         0
                text20                              8C1      8C1       2A         0
                text19                             16E4     16E4        7         0
                text18                              C5E      C5E       63         0
                text17                             1751     1751        B         0
                text16                             16DE     16DE        6         0
                text15                             17C3     17C3       1E         0
                text14                              800      800       12         0
                text13                              D24      D24       64         0
                text12                              9CA      9CA       32         0
                text11                              9FC      9FC       32         0
                text10                              99A      99A       30         0
                text9                               B15      B15       42         0
                text8                               EA5      EA5       A7         0
                text7                              17AD     17AD       16         0
                text6                               CC1      CC1       63         0
                text5                               BA9      BA9       57         0
                text4                               A64      A64       37         0
                text3                               8EB      8EB       2A         0
                text2                               34A      34A      154         0
                text1                               49E      49E      171         0
                maintext                            C00      C00       5E         0
                clrtext                            16F2     16F2        8         0
                inittext                           179A     179A       13         0
                idataBANK1                           D4       D4       1E         0
                idataBANK0                         16EB     16EB        7         0

        CLASS   STRCODE        

        CLASS   STRING         
                strings                               3        3       D1         0

        CLASS   CONST          

        CLASS   ENTRY          

        CLASS   COMMON         
                cstackCOMMON                         70       70        E         1

        CLASS   BANK0          
                cstackBANK0                          20       20       29         1
                dataBANK0                            69       69        7         1
                bssBANK0                             49       49       20         1

        CLASS   BANK1          
                dataBANK1                            A0       A0       1E         1

        CLASS   BANK2          

        CLASS   BANK3          

        CLASS   RAM            

        CLASS   ABS1           
                abs_s1                               7E       7E        2         1

        CLASS   SFR0           

        CLASS   SFR1           

        CLASS   SFR2           

        CLASS   SFR3           

        CLASS   CONFIG         
                config                             2007     2007        1         4

        CLASS   IDLOC          
                idloc                              2000     2000        4         5

        CLASS   EEDATA         

        CLASS   HEAP           

        CLASS   STACK          



SEGMENTS        Name                           Load    Length   Top    Selector   Space  Class     Delta

                reset_vec                      000000  000003  000003         0       0  CODE        2
                strings                        000003  0000D1  0000D4         6       0  STRING      2
                cstackBANK0                    000020  000050  000070        20       1  BANK0       1
                cstackCOMMON                   000070  00000E  00007E        70       1  COMMON      1
                dataBANK1                      0000A0  00001E  0000BE        A0       1  BANK1       1
                idataBANK1                     0000D4  00001E  0000F2       1A8       0  CODE        2
                text27                         0000F2  00012A  00021C       1E4       0  CODE        2
                text21                         00021C  00012E  00034A       438       0  CODE        2
                text2                          00034A  000154  00049E       694       0  CODE        2
                text1                          00049E  000171  00060F       93C       0  CODE        2
                text52                         00060F  0001CA  0007D9       C1E       0  CODE        2
                cinit                          0007D9  000039  000812       FB2       0  CODE        2
                text38                         000812  000020  000832      1024       0  CODE        2
                text44                         000832  000021  000853      1064       0  CODE        2
                text24                         000853  000021  000874      10A6       0  CODE        2
                text25                         000874  000026  00089A      10E8       0  CODE        2
                text29                         00089A  000027  0008C1      1134       0  CODE        2
                text20                         0008C1  00002A  0008EB      1182       0  CODE        2
                text3                          0008EB  00002A  000915      11D6       0  CODE        2
                text39                         000915  00002B  000940      122A       0  CODE        2
                text22                         000940  00002B  00096B      1280       0  CODE        2
                text47                         00096B  00002F  00099A      12D6       0  CODE        2
                text10                         00099A  000030  0009CA      1334       0  CODE        2
                text12                         0009CA  000032  0009FC      1394       0  CODE        2
                text11                         0009FC  000032  000A2E      13F8       0  CODE        2
                text49                         000A2E  000036  000A64      145C       0  CODE        2
                text4                          000A64  000037  000A9B      14C8       0  CODE        2
                text34                         000A9B  000038  000AD3      1536       0  CODE        2
                text35                         000AD3  000042  000B15      15A6       0  CODE        2
                text9                          000B15  000042  000B57      162A       0  CODE        2
                text46                         000B57  000052  000BA9      16AE       0  CODE        2
                text5                          000BA9  000057  000C00      1752       0  CODE        2
                maintext                       000C00  00005E  000C5E      1800       0  CODE        2
                text18                         000C5E  000063  000CC1      18BC       0  CODE        2
                text6                          000CC1  000063  000D24      1982       0  CODE        2
                text13                         000D24  000064  000D88      1A48       0  CODE        2
                text51                         000D88  000076  000DFE      1B10       0  CODE        2
                text28                         000DFE  0000A7  000EA5      1BFC       0  CODE        2
                text8                          000EA5  0000A7  000F4C      1D4A       0  CODE        2
                text50                         000F4C  0000B4  001000      1E98       0  CODE        2
                text16                         0016DE  000006  0016E4      2DBC       0  CODE        2
                text19                         0016E4  000007  0016EB      2DC8       0  CODE        2
                idataBANK0                     0016EB  000007  0016F2      2DD6       0  CODE        2
                clrtext                        0016F2  000008  0016FA      2DE4       0  CODE        2
                text43                         0016FA  000009  001703      2DF4       0  CODE        2
                text42                         001703  000009  00170C      2E06       0  CODE        2
                text41                         00170C  000009  001715      2E18       0  CODE        2
                text32                         001715  000009  00171E      2E2A       0  CODE        2
                text31                         00171E  000009  001727      2E3C       0  CODE        2
                text23                         001727  000009  001730      2E4E       0  CODE        2
                text40                         001730  00000B  00173B      2E60       0  CODE        2
                text30                         00173B  00000B  001746      2E76       0  CODE        2
                text26                         001746  00000B  001751      2E8C       0  CODE        2
                text17                         001751  00000B  00175C      2EA2       0  CODE        2
                text45                         00175C  00000D  001769      2EB8       0  CODE        2
                text33                         001769  00000D  001776      2ED2       0  CODE        2
                text48                         001776  000011  001787      2EEC       0  CODE        2
                text36                         001787  000013  00179A      2F0E       0  CODE        2
                inittext                       00179A  000013  0017AD      2F34       0  CODE        2
                text7                          0017AD  000016  0017C3      2F5A       0  CODE        2
                text15                         0017C3  00001E  0017E1      2F86       0  CODE        2
                text37                         0017E1  00001F  001800      2FC2       0  CODE        2


UNUSED ADDRESS RANGES

        Name                Unused          Largest block    Delta
        BANK1            00BE-00EF             32           1
        BANK2            0110-016F             60           1
        BANK3            0190-01EF             60           1
        CODE             1000-16DD            6DE           2
                         1800-1FFF            800
        CONST            1000-16DD            100           2
                         1800-1FFF            100
        EEDATA           2100-21FF            100           2
        ENTRY            1000-16DD            100           2
                         1800-1FFF            100
        RAM              00BE-00EF             32           1
                         0110-016F             60
                         0190-01EF             60
        SFR0             0000-001F             20           1
        SFR1             0080-009F             20           1
        SFR2             0100-010F             10           1
        SFR3             0180-018F             10           1
        STRCODE          1000-16DD            6DE           2
                         1800-1FFF            800
        STRING           1000-16DD            100           2
                         1800-1FFF            100

                                  Symbol Table

?___awdiv                        cstackCOMMON 0070
?___awmod                        cstackCOMMON 0070
?___fldiv                        cstackBANK0  0020
?___fltol                        cstackBANK0  003A
?___lldiv                        cstackCOMMON 0070
?___lwdiv                        cstackCOMMON 0070
?___lwmod                        cstackCOMMON 0070
?___xxtofl                       cstackCOMMON 0070
?_read_adc                       cstackCOMMON 0070
Dash_board@Clock_register        cstackBANK0  0046
Dash_board@adc_val               cstackBANK0  0044
Download_log@ADDR1               cstackBANK0  0034
Download_log@event_data          cstackBANK0  002A
Download_log@i                   cstackBANK0  0030
Download_log@j                   cstackBANK0  0032
Download_log@speed_data          cstackBANK0  002D
Download_log@time_data           cstackBANK0  0020
_ACKDT                           (abs)        048D
_ACKEN                           (abs)        048C
_ACKSTAT                         (abs)        048E
_ADCON0                          (abs)        001F
_ADDR                            bssBANK0     005D
_ADFM                            (abs)        04FF
_ADON                            (abs)        00F8
_ADRESH                          (abs)        001E
_ADRESL                          (abs)        009E
_CREN                            (abs)        00C4
_Dash_board                      text27       00F2
_Download_log                    text21       021C
_Event_index                     bssBANK0     0055
_GO                              (abs)        00FA
_Main_menu                       dataBANK0    0069
_PEN                             (abs)        048A
_PORTB                           (abs)        0006
_PORTD                           (abs)        0008
_RCEN                            (abs)        048B
_RCIF                            (abs)        0065
_RCREG                           (abs)        001A
_RE1                             (abs)        0049
_RE2                             (abs)        004A
_R_nW                            (abs)        04A2
_SEN                             (abs)        0488
_SPBRG                           (abs)        0099
_SPEN                            (abs)        00C7
_SSPADD                          (abs)        0093
_SSPBUF                          (abs)        0013
_SSPCON2                         (abs)        0091
_SSPEN                           (abs)        00A5
_SSPM3                           (abs)        00A3
_TRISB                           (abs)        0086
_TRISD                           (abs)        0088
_TRISE1                          (abs)        0449
_TRISE2                          (abs)        044A
_TXIF                            (abs)        0064
_TXREG                           (abs)        0019
__H__absolute__                  __absolute__ 0000
__Habs1                          abs1         0000
__Hbank0                         bank0        0000
__Hbank1                         bank1        0000
__Hbank2                         bank2        0000
__Hbank3                         bank3        0000
__HbssBANK0                      bssBANK0     0000
__Hcinit                         cinit        0800
__Hclrtext                       clrtext      0000
__Hcode                          code         0000
__Hcommon                        common       0000
__Hconfig                        config       2008
__HcstackBANK0                   cstackBANK0  0000
__HcstackCOMMON                  cstackCOMMON 0000
__HdataBANK0                     dataBANK0    0000
__HdataBANK1                     dataBANK1    0000
__Heeprom_data                   eeprom_data  0000
__Hend_init                      end_init     0003
__Hfunctab                       functab      0000
__Hheap                          heap         0000
__HidataBANK0                    idataBANK0   0000
__HidataBANK1                    idataBANK1   0000
__Hidloc                         idloc        2004
__Hinit                          init         0000
__Hinittext                      inittext     0000
__Hintentry                      intentry     0000
__Hmaintext                      maintext     0000
__Hpowerup                       powerup      0000
__Hram                           ram          0000
__Hreset_vec                     reset_vec    0000
__Hsfr0                          sfr0         0000
__Hsfr1                          sfr1         0000
__Hsfr2                          sfr2         0000
__Hsfr3                          sfr3         0000
__Hsivt                          sivt         0000
__Hspace_0                       (abs)        1800
__Hspace_1                       (abs)        00BE
__Hspace_2                       (abs)        0000
__Hspace_3                       (abs)        0000
__Hspace_4                       (abs)        400F
__Hstack                         stack        0000
__Hstrings                       strings      0000
__Htext                          text         0000
__L__absolute__                  __absolute__ 0000
__Labs1                          abs1         0000
__Lbank0                         bank0        0000
__Lbank1                         bank1        0000
__Lbank2                         bank2        0000
__Lbank3                         bank3        0000
__LbssBANK0                      bssBANK0     0000
__Lcinit                         cinit        07D9
__Lclrtext                       clrtext      0000
__Lcode                          code         0000
__Lcommon                        common       0000
__Lconfig                        config       0000
__LcstackBANK0                   cstackBANK0  0000
__LcstackCOMMON                  cstackCOMMON 0000
__LdataBANK0                     dataBANK0    0000
__LdataBANK1                     dataBANK1    0000
__Leeprom_data                   eeprom_data  0000
__Lend_init                      end_init     0000
__Lfunctab                       functab      0000
__Lheap                          heap         0000
__LidataBANK0                    idataBANK0   0000
__LidataBANK1                    idataBANK1   0000
__Lidloc                         idloc        0000
__Linit                          init         0000
__Linittext                      inittext     0000
__Lintentry                      intentry     0000
__Lmaintext                      maintext     0000
__Lpowerup                       powerup      0000
__Lram                           ram          0000
__Lreset_vec                     reset_vec    0000
__Lsfr0                          sfr0         0000
__Lsfr1                          sfr1         0000
__Lsfr2                          sfr2         0000
__Lsfr3                          sfr3         0000
__Lsivt                          sivt         0000
__Lspace_0                       (abs)        0000
__Lspace_1                       (abs)        0000
__Lspace_2                       (abs)        0000
__Lspace_3                       (abs)        0000
__Lspace_4                       (abs)        0000
__Lstack                         stack        0000
__Lstrings                       strings      0000
__Ltext                          text         0000
__S0                             (abs)        1800
__S1                             (abs)        00BE
__S3                             (abs)        0000
___awdiv                         text6        0CC1
___awdiv@counter                 cstackCOMMON 0074
___awdiv@dividend                cstackCOMMON 0072
___awdiv@divisor                 cstackCOMMON 0070
___awdiv@quotient                cstackCOMMON 0076
___awdiv@sign                    cstackCOMMON 0075
___awmod                         text5        0BA9
___awmod@counter                 cstackCOMMON 0074
___awmod@dividend                cstackCOMMON 0072
___awmod@divisor                 cstackCOMMON 0070
___awmod@sign                    cstackCOMMON 0075
___bmul                          text36       1787
___bmul@multiplicand             cstackCOMMON 0070
___bmul@multiplier               cstackCOMMON 0072
___bmul@product                  cstackCOMMON 0071
___fldiv                         text52       060F
___fldiv@a                       cstackBANK0  0020
___fldiv@aexp                    cstackBANK0  0039
___fldiv@b                       cstackBANK0  0024
___fldiv@bexp                    cstackBANK0  0038
___fldiv@grs                     cstackBANK0  0034
___fldiv@new_exp                 cstackBANK0  0032
___fldiv@rem                     cstackBANK0  002D
___fldiv@sign                    cstackBANK0  0031
___fltol                         text51       0D88
___fltol@exp1                    cstackBANK0  0043
___fltol@f1                      cstackBANK0  003A
___fltol@sign1                   cstackBANK0  0042
___heap_hi                       (abs)        0000
___heap_lo                       (abs)        0000
___int_sp                        stack        0000
___int_stack_hi                  stack        0000
___int_stack_lo                  stack        0000
___latbits                       (abs)        0002
___lldiv                         text13       0D24
___lldiv@counter                 cstackCOMMON 007D
___lldiv@dividend                cstackCOMMON 0074
___lldiv@divisor                 cstackCOMMON 0070
___lldiv@quotient                cstackCOMMON 0079
___lwdiv                         text35       0AD3
___lwdiv@counter                 cstackCOMMON 0076
___lwdiv@dividend                cstackCOMMON 0072
___lwdiv@divisor                 cstackCOMMON 0070
___lwdiv@quotient                cstackCOMMON 0074
___lwmod                         text34       0A9B
___lwmod@counter                 cstackCOMMON 0074
___lwmod@dividend                cstackCOMMON 0072
___lwmod@divisor                 cstackCOMMON 0070
___sp                            stack        0000
___stack_hi                      stack        0000
___stack_lo                      stack        0000
___stackhi                       (abs)        0000
___stacklo                       (abs)        0000
___xxtofl                        text50       0F4C
___xxtofl@arg                    cstackCOMMON 007A
___xxtofl@exp                    cstackCOMMON 0079
___xxtofl@sign                   cstackCOMMON 0078
___xxtofl@val                    cstackCOMMON 0070
__end_of_Dash_board              text27       021C
__end_of_Download_log            text21       034A
__end_of___awdiv                 text6        0D24
__end_of___awmod                 text5        0C00
__end_of___bmul                  text36       179A
__end_of___fldiv                 text52       07D9
__end_of___fltol                 text51       0DFE
__end_of___lldiv                 text13       0D88
__end_of___lwdiv                 text35       0B15
__end_of___lwmod                 text34       0AD3
__end_of___xxtofl                text50       1000
__end_of__initialization         cinit        07FC
__end_of__stringtab              strings      0013
__end_of_bcd_to_binary           text7        17C3
__end_of_binary_to_bcd           text4        0A9B
__end_of_clcd_print              text47       099A
__end_of_clcd_putch              text48       1787
__end_of_clcd_write              text49       0A64
__end_of_clear_log               text20       08EB
__end_of_display_time            text46       0BA9
__end_of_get_time                text38       0832
__end_of_i2c1_read               text24       0874
__end_of_i2c1_rep_start          text23       1730
__end_of_i2c1_start              text32       171E
__end_of_i2c1_stop               text31       1727
__end_of_i2c1_wait_for_idle      text33       1776
__end_of_i2c1_write              text30       1746
__end_of_i2c_read                text44       0853
__end_of_i2c_rep_start           text43       1703
__end_of_i2c_start               text42       170C
__end_of_i2c_stop                text41       1715
__end_of_i2c_wait_for_idle       text45       1769
__end_of_i2c_write               text40       173B
__end_of_init_adc                text19       16EB
__end_of_init_clcd               text17       175C
__end_of_init_config             text9        0B57
__end_of_init_digital_keypad     text16       16E4
__end_of_init_display_controller text18       0CC1
__end_of_init_ds1307             text14       0812
__end_of_init_i2c                text12       09FC
__end_of_init_i2c1               text11       0A2E
__end_of_init_uart               text10       09CA
__end_of_main                    maintext     0C5E
__end_of_main_menu               text8        0F4C
__end_of_putchar                 text26       1751
__end_of_puts                    text25       089A
__end_of_read_adc                text37       1800
__end_of_read_digital_keypad     text3        0915
__end_of_read_ds1307             text39       0940
__end_of_read_ext_eeprom         text22       096B
__end_of_set_time                text2        049E
__end_of_store_events            text28       0EA5
__end_of_view_log                text1        060F
__end_of_write_ds1307            text15       17E1
__end_of_write_ext_eeprom        text29       08C1
__initialization                 cinit        07D9
__pbssBANK0                      bssBANK0     0049
__pcstackBANK0                   cstackBANK0  0020
__pcstackCOMMON                  cstackCOMMON 0070
__pdataBANK0                     dataBANK0    0069
__pdataBANK1                     dataBANK1    00A0
__pidataBANK0                    idataBANK0   16EB
__pidataBANK1                    idataBANK1   00D4
__pmaintext                      maintext     0C00
__pstrings                       strings      0003
__ptext1                         text1        049E
__ptext10                        text10       099A
__ptext11                        text11       09FC
__ptext12                        text12       09CA
__ptext13                        text13       0D24
__ptext14                        text14       0800
__ptext15                        text15       17C3
__ptext16                        text16       16DE
__ptext17                        text17       1751
__ptext18                        text18       0C5E
__ptext19                        text19       16E4
__ptext2                         text2        034A
__ptext20                        text20       08C1
__ptext21                        text21       021C
__ptext22                        text22       0940
__ptext23                        text23       1727
__ptext24                        text24       0853
__ptext25                        text25       0874
__ptext26                        text26       1746
__ptext27                        text27       00F2
__ptext28                        text28       0DFE
__ptext29                        text29       089A
__ptext3                         text3        08EB
__ptext30                        text30       173B
__ptext31                        text31       171E
__ptext32                        text32       1715
__ptext33                        text33       1769
__ptext34                        text34       0A9B
__ptext35                        text35       0AD3
__ptext36                        text36       1787
__ptext37                        text37       17E1
__ptext38                        text38       0812
__ptext39                        text39       0915
__ptext4                         text4        0A64
__ptext40                        text40       1730
__ptext41                        text41       170C
__ptext42                        text42       1703
__ptext43                        text43       16FA
__ptext44                        text44       0832
__ptext45                        text45       175C
__ptext46                        text46       0B57
__ptext47                        text47       096B
__ptext48                        text48       1776
__ptext49                        text49       0A2E
__ptext5                         text5        0BA9
__ptext50                        text50       0F4C
__ptext51                        text51       0D88
__ptext52                        text52       060F
__ptext6                         text6        0CC1
__ptext7                         text7        17AD
__ptext8                         text8        0EA5
__ptext9                         text9        0B15
__stringbase                     strings      0012
__stringtab                      strings      0003
_bcd_to_binary                   text7        17AD
_binary_to_bcd                   text4        0A64
_clcd_print                      text47       096B
_clcd_putch                      text48       1776
_clcd_write                      text49       0A2E
_clear_flag                      bssBANK0     005C
_clear_log                       text20       08C1
_display_time                    text46       0B57
_event_count                     bssBANK0     004D
_events                          dataBANK1    00A0
_get_time                        text38       0812
_i2c1_read                       text24       0853
_i2c1_rep_start                  text23       1727
_i2c1_start                      text32       1715
_i2c1_stop                       text31       171E
_i2c1_wait_for_idle              text33       1769
_i2c1_write                      text30       173B
_i2c_read                        text44       0832
_i2c_rep_start                   text43       16FA
_i2c_start                       text42       1703
_i2c_stop                        text41       170C
_i2c_wait_for_idle               text45       175C
_i2c_write                       text40       1730
_init_adc                        text19       16E4
_init_clcd                       text17       1751
_init_config                     text9        0B15
_init_digital_keypad             text16       16DE
_init_display_controller         text18       0C5E
_init_ds1307                     text14       0800
_init_i2c                        text12       09CA
_init_i2c1                       text11       09FC
_init_uart                       text10       099A
_key                             bssBANK0     005E
_main                            maintext     0C00
_main_flag                       bssBANK0     0057
_main_index                      bssBANK0     0053
_main_menu                       text8        0EA5
_menu_count                      dataBANK0    006E
_nDONE                           (abs)        00FA
_putchar                         text26       1746
_puts                            text25       0874
_read_adc                        text37       17E1
_read_digital_keypad             text3        08EB
_read_ds1307                     text39       0915
_read_ext_eeprom                 text22       0940
_set_time                        text2        034A
_speed                           bssBANK0     0051
_store_events                    text28       0DFE
_time                            bssBANK0     005F
_view                            bssBANK0     004B
_view_log                        text1        049E
_write_ds1307                    text15       17C3
_write_ext_eeprom                text29       089A
bcd_to_binary@BCD                cstackCOMMON 0075
binary_to_bcd@binary             cstackCOMMON 0078
btemp                            (abs)        007E
clcd_print@addr                  cstackCOMMON 0076
clcd_print@str                   cstackCOMMON 0074
clcd_putch@addr                  cstackCOMMON 0077
clcd_putch@data                  cstackCOMMON 0078
clcd_write@byte                  cstackCOMMON 0073
clcd_write@mode                  cstackCOMMON 0070
clear_ram0                       clrtext      16F2
display_time@clock_register      cstackCOMMON 0077
end_of_initialization            cinit        07FC
get_time@clock_register          cstackCOMMON 0074
i2c1_read@ack                    cstackCOMMON 0070
i2c1_read@data                   cstackCOMMON 0071
i2c1_write@data                  cstackCOMMON 0070
i2c_read@ack                     cstackCOMMON 0070
i2c_read@data                    cstackCOMMON 0071
i2c_write@data                   cstackCOMMON 0070
init_ds1307@dummy                cstackCOMMON 0074
init_fetch0                      inittext     179A
init_i2c1@baud                   cstackBANK0  0020
init_i2c@baud                    cstackBANK0  0020
init_ram0                        inittext     179E
init_uart@baud                   cstackBANK0  0020
intlevel0                        functab      0000
intlevel1                        functab      0000
intlevel2                        functab      0000
intlevel3                        functab      0000
intlevel4                        functab      0000
intlevel5                        functab      0000
putchar@data                     cstackCOMMON 0070
puts@s                           cstackCOMMON 0071
read_adc@adc_reg_val             cstackCOMMON 0073
read_adc@channel                 cstackCOMMON 0075
read_digital_keypad@mode         cstackCOMMON 0071
read_digital_keypad@once         dataBANK0    006F
read_ds1307@addr                 cstackCOMMON 0072
read_ds1307@data                 cstackCOMMON 0073
read_ext_eeprom@addr             cstackCOMMON 0072
read_ext_eeprom@data             cstackCOMMON 0073
reset_vec                        reset_vec    0000
set_time@Clock_register          cstackBANK0  002B
set_time@blink                   cstackBANK0  0027
set_time@hour                    cstackBANK0  0028
set_time@minute                  cstackBANK0  0029
set_time@second                  cstackBANK0  002A
set_time@time_flag               cstackBANK0  002E
start                            init         0000
start_initialization             cinit        07D9
store_events@i                   cstackCOMMON 007B
view_log@ADDR1                   cstackBANK0  0035
view_log@ADDR2                   cstackBANK0  0030
view_log@event_data              cstackBANK0  002A
view_log@i                       cstackBANK0  0033
view_log@j                       cstackBANK0  0031
view_log@speed_data              cstackBANK0  002D
view_log@time_data               cstackBANK0  0020
write_ds1307@addr                cstackCOMMON 0072
write_ds1307@data                cstackCOMMON 0071
write_ext_eeprom@addr            cstackCOMMON 007A
write_ext_eeprom@data            cstackCOMMON 0077
wtemp0                           (abs)        007E


MODULE INFORMATION

Module		Function		Class		Link	Load	Size
i2c2.c
		_i2c1_rep_start		CODE           	1727	0000	9
		_i2c1_wait_for_idle		CODE           	1769	0000	13
		_i2c1_stop     		CODE           	171E	0000	9
		_i2c1_write    		CODE           	173B	0000	11
		_i2c1_start    		CODE           	1715	0000	9
		_i2c1_read     		CODE           	0853	0000	33
		_init_i2c1     		CODE           	09FC	0000	50

i2c2.c estimated size: 134

uart.c
		_init_uart     		CODE           	099A	0000	48
		_puts          		CODE           	0874	0000	38
		_putchar       		CODE           	1746	0000	11

uart.c estimated size: 97

i2c.c
		_i2c_start     		CODE           	1703	0000	9
		_i2c_rep_start 		CODE           	16FA	0000	9
		_i2c_write     		CODE           	1730	0000	11
		_i2c_stop      		CODE           	170C	0000	9
		_i2c_read      		CODE           	0832	0000	33
		_init_i2c      		CODE           	09CA	0000	50
		_i2c_wait_for_idle		CODE           	175C	0000	13

i2c.c estimated size: 134

ds1307.c
		_read_ds1307   		CODE           	0915	0000	43
		_write_ds1307  		CODE           	17C3	0000	30
		_init_ds1307   		CODE           	0800	0000	18

ds1307.c estimated size: 91

adc.c
		_init_adc      		CODE           	16E4	0000	7
		_read_adc      		CODE           	17E1	0000	31

adc.c estimated size: 38

C:\Program Files\Microchip\xc8\v3.00\pic\sources\c99\common\lwmod.c
		___lwmod       		CODE           	0A9B	0000	56

C:\Program Files\Microchip\xc8\v3.00\pic\sources\c99\common\lwmod.c estimated size: 56

C:\Program Files\Microchip\xc8\v3.00\pic\sources\c99\common\awmod.c
		___awmod       		CODE           	0BA9	0000	87

C:\Program Files\Microchip\xc8\v3.00\pic\sources\c99\common\awmod.c estimated size: 87

BLACK_BOX.c
		_view_log      		CODE           	049E	0000	369
		_binary_to_bcd 		CODE           	0A64	0000	55
		_Dash_board    		CODE           	00F2	0000	298
		_display_time  		CODE           	0B57	0000	82
		_Download_log  		CODE           	021C	0000	302
		_bcd_to_binary 		CODE           	17AD	0000	22
		_get_time      		CODE           	0812	0000	32
		_main_menu     		CODE           	0EA5	0000	167
		_set_time      		CODE           	034A	0000	340
		_clear_log     		CODE           	08C1	0000	42
		_store_events  		CODE           	0DFE	0000	167

BLACK_BOX.c estimated size: 1876

C:\Program Files\Microchip\xc8\v3.00\pic\sources\c99\common\__lldiv.c
		___lldiv       		CODE           	0D24	0000	100

C:\Program Files\Microchip\xc8\v3.00\pic\sources\c99\common\__lldiv.c estimated size: 100

C:\Program Files\Microchip\xc8\v3.00\pic\sources\c99\common\sprcdiv.c
		___fldiv       		CODE           	060F	0000	458

C:\Program Files\Microchip\xc8\v3.00\pic\sources\c99\common\sprcdiv.c estimated size: 458

external_eeprom.c
		_write_ext_eeprom		CODE           	089A	0000	39
		_read_ext_eeprom		CODE           	0940	0000	43

external_eeprom.c estimated size: 82

shared
		__stringtab    		STRING         	0003	0000	16
		__initialization		CODE           	07D9	0000	35

shared estimated size: 51

clcd.c
		_clcd_write    		CODE           	0A2E	0000	54
		_clcd_print    		CODE           	096B	0000	47
		_clcd_putch    		CODE           	1776	0000	17
		_init_display_controller		CODE           	0C5E	0000	99
		_init_clcd     		CODE           	1751	0000	11

clcd.c estimated size: 228

C:\Program Files\Microchip\xc8\v3.00\pic\sources\c99\common\xxtofl.c
		___xxtofl      		CODE           	0F4C	0000	180

C:\Program Files\Microchip\xc8\v3.00\pic\sources\c99\common\xxtofl.c estimated size: 180

digital_keypad_1.c
		_init_digital_keypad		CODE           	16DE	0000	6
		_read_digital_keypad		CODE           	08EB	0000	42

digital_keypad_1.c estimated size: 48

C:\Program Files\Microchip\xc8\v3.00\pic\sources\c99\common\lwdiv.c
		___lwdiv       		CODE           	0AD3	0000	66

C:\Program Files\Microchip\xc8\v3.00\pic\sources\c99\common\lwdiv.c estimated size: 66

C:\Program Files\Microchip\xc8\v3.00\pic\sources\c99\common\awdiv.c
		___awdiv       		CODE           	0CC1	0000	99

C:\Program Files\Microchip\xc8\v3.00\pic\sources\c99\common\awdiv.c estimated size: 99

C:\Program Files\Microchip\xc8\v3.00\pic\sources\c99\common\fltol.c
		___fltol       		CODE           	0D88	0000	118

C:\Program Files\Microchip\xc8\v3.00\pic\sources\c99\common\fltol.c estimated size: 118

main.c
		_main          		CODE           	0C00	0000	94
		_init_config   		CODE           	0B15	0000	66

main.c estimated size: 160

C:\Program Files\Microchip\xc8\v3.00\pic\sources\c99\common\Umul8.c
		___bmul        		CODE           	1787	0000	19

C:\Program Files\Microchip\xc8\v3.00\pic\sources\c99\common\Umul8.c estimated size: 19

